INFO:     Started server process [20540]
INFO:     Waiting for application startup.
INFO:     Application startup complete.
INFO:     Uvicorn running on http://127.0.0.1:8001 (Press CTRL+C to quit)
INFO:     Shutting down
INFO:     Finished server process [20540]
INFO:     Started server process [12264]
INFO:     Waiting for application startup.
INFO:     Application startup complete.
INFO:     Uvicorn running on http://127.0.0.1:8001 (Press CTRL+C to quit)
INFO:     Shutting down
INFO:     Waiting for application shutdown.
INFO:     Application shutdown complete.
INFO:     Finished server process [12264]
INFO:     Started server process [12692]
INFO:     Waiting for application startup.
INFO:     Application startup complete.
INFO:     Uvicorn running on http://127.0.0.1:8001 (Press CTRL+C to quit)
ERROR:    Exception in ASGI application
Traceback (most recent call last):
  File "D:\project-kyuna\ai_server\venv\Lib\site-packages\uvicorn\protocols\http\httptools_impl.py", line 416, in run_asgi
    result = await app(  # type: ignore[func-returns-value]
             ^^^^^^^^^^^^^^^^^^^^^^^^^^^^^^^^^^^^^^^^^^^^^^
  File "D:\project-kyuna\ai_server\venv\Lib\site-packages\uvicorn\middleware\proxy_headers.py", line 60, in __call__
    return await self.app(scope, receive, send)
           ^^^^^^^^^^^^^^^^^^^^^^^^^^^^^^^^^^^^
  File "D:\project-kyuna\ai_server\venv\Lib\site-packages\fastapi\applications.py", line 1160, in __call__
    await super().__call__(scope, receive, send)
  File "D:\project-kyuna\ai_server\venv\Lib\site-packages\starlette\applications.py", line 107, in __call__
    await self.middleware_stack(scope, receive, send)
  File "D:\project-kyuna\ai_server\venv\Lib\site-packages\starlette\middleware\errors.py", line 186, in __call__
    raise exc
  File "D:\project-kyuna\ai_server\venv\Lib\site-packages\starlette\middleware\errors.py", line 164, in __call__
    await self.app(scope, receive, _send)
  File "D:\project-kyuna\ai_server\venv\Lib\site-packages\starlette\middleware\exceptions.py", line 63, in __call__
    await wrap_app_handling_exceptions(self.app, conn)(scope, receive, send)
  File "D:\project-kyuna\ai_server\venv\Lib\site-packages\starlette\_exception_handler.py", line 53, in wrapped_app
    raise exc
  File "D:\project-kyuna\ai_server\venv\Lib\site-packages\starlette\_exception_handler.py", line 42, in wrapped_app
    await app(scope, receive, sender)
  File "D:\project-kyuna\ai_server\venv\Lib\site-packages\fastapi\middleware\asyncexitstack.py", line 18, in __call__
    await self.app(scope, receive, send)
  File "D:\project-kyuna\ai_server\venv\Lib\site-packages\starlette\routing.py", line 716, in __call__
    await self.middleware_stack(scope, receive, send)
  File "D:\project-kyuna\ai_server\venv\Lib\site-packages\starlette\routing.py", line 736, in app
    await route.handle(scope, receive, send)
  File "D:\project-kyuna\ai_server\venv\Lib\site-packages\starlette\routing.py", line 290, in handle
    await self.app(scope, receive, send)
  File "D:\project-kyuna\ai_server\venv\Lib\site-packages\fastapi\routing.py", line 119, in app
    await wrap_app_handling_exceptions(app, request)(scope, receive, send)
  File "D:\project-kyuna\ai_server\venv\Lib\site-packages\starlette\_exception_handler.py", line 53, in wrapped_app
    raise exc
  File "D:\project-kyuna\ai_server\venv\Lib\site-packages\starlette\_exception_handler.py", line 42, in wrapped_app
    await app(scope, receive, sender)
  File "D:\project-kyuna\ai_server\venv\Lib\site-packages\fastapi\routing.py", line 105, in app
    response = await f(request)
               ^^^^^^^^^^^^^^^^
  File "D:\project-kyuna\ai_server\venv\Lib\site-packages\fastapi\routing.py", line 431, in app
    raw_response = await run_endpoint_function(
                   ^^^^^^^^^^^^^^^^^^^^^^^^^^^^
  File "D:\project-kyuna\ai_server\venv\Lib\site-packages\fastapi\routing.py", line 313, in run_endpoint_function
    return await dependant.call(**values)
           ^^^^^^^^^^^^^^^^^^^^^^^^^^^^^^
  File "D:\project-kyuna\ai_server\app\routers\embeddings.py", line 19, in create_embeddings
    vectors = embedding_service.encode(inputs)
              ^^^^^^^^^^^^^^^^^^^^^^^^^^^^^^^^
  File "D:\project-kyuna\ai_server\app\services\embedding_service.py", line 24, in encode
    self._load()
  File "D:\project-kyuna\ai_server\app\services\embedding_service.py", line 13, in _load
    logger.info(f"[Embedding] Loading {settings.EMBEDDING_MODEL}...")
                                       ^^^^^^^^^^^^^^^^^^^^^^^^
  File "D:\project-kyuna\ai_server\venv\Lib\site-packages\pydantic\main.py", line 1026, in __getattr__
    raise AttributeError(f'{type(self).__name__!r} object has no attribute {item!r}')
AttributeError: 'AISettings' object has no attribute 'EMBEDDING_MODEL'
INFO:     Shutting down
INFO:     Waiting for application shutdown.
INFO:     Application shutdown complete.
INFO:     Finished server process [12692]
INFO:     Started server process [15164]
INFO:     Waiting for application startup.
INFO:     Application startup complete.
INFO:     Uvicorn running on http://127.0.0.1:8001 (Press CTRL+C to quit)
[Embedding] Loading nomic-ai/nomic-embed-text-v1.5...
Use pytorch device_name: cuda:0
Load pretrained SentenceTransformer: nomic-ai/nomic-embed-text-v1.5
HTTP Request: HEAD https://huggingface.co/nomic-ai/nomic-embed-text-v1.5/resolve/main/modules.json "HTTP/1.1 307 Temporary Redirect"
HTTP Request: HEAD https://huggingface.co/api/resolve-cache/models/nomic-ai/nomic-embed-text-v1.5/e5cf08aadaa33385f5990def41f7a23405aec398/modules.json "HTTP/1.1 200 OK"
HTTP Request: GET https://huggingface.co/api/resolve-cache/models/nomic-ai/nomic-embed-text-v1.5/e5cf08aadaa33385f5990def41f7a23405aec398/modules.json "HTTP/1.1 200 OK"
HTTP Request: HEAD https://huggingface.co/nomic-ai/nomic-embed-text-v1.5/resolve/main/config_sentence_transformers.json "HTTP/1.1 307 Temporary Redirect"
HTTP Request: HEAD https://huggingface.co/api/resolve-cache/models/nomic-ai/nomic-embed-text-v1.5/e5cf08aadaa33385f5990def41f7a23405aec398/config_sentence_transformers.json "HTTP/1.1 200 OK"
HTTP Request: GET https://huggingface.co/api/resolve-cache/models/nomic-ai/nomic-embed-text-v1.5/e5cf08aadaa33385f5990def41f7a23405aec398/config_sentence_transformers.json "HTTP/1.1 200 OK"
HTTP Request: HEAD https://huggingface.co/nomic-ai/nomic-embed-text-v1.5/resolve/main/config_sentence_transformers.json "HTTP/1.1 307 Temporary Redirect"
HTTP Request: HEAD https://huggingface.co/api/resolve-cache/models/nomic-ai/nomic-embed-text-v1.5/e5cf08aadaa33385f5990def41f7a23405aec398/config_sentence_transformers.json "HTTP/1.1 200 OK"
HTTP Request: HEAD https://huggingface.co/nomic-ai/nomic-embed-text-v1.5/resolve/main/README.md "HTTP/1.1 307 Temporary Redirect"
HTTP Request: HEAD https://huggingface.co/api/resolve-cache/models/nomic-ai/nomic-embed-text-v1.5/e5cf08aadaa33385f5990def41f7a23405aec398/README.md "HTTP/1.1 200 OK"
HTTP Request: GET https://huggingface.co/api/resolve-cache/models/nomic-ai/nomic-embed-text-v1.5/e5cf08aadaa33385f5990def41f7a23405aec398/README.md "HTTP/1.1 200 OK"
HTTP Request: HEAD https://huggingface.co/nomic-ai/nomic-embed-text-v1.5/resolve/main/modules.json "HTTP/1.1 307 Temporary Redirect"
HTTP Request: HEAD https://huggingface.co/api/resolve-cache/models/nomic-ai/nomic-embed-text-v1.5/e5cf08aadaa33385f5990def41f7a23405aec398/modules.json "HTTP/1.1 200 OK"
HTTP Request: HEAD https://huggingface.co/nomic-ai/nomic-embed-text-v1.5/resolve/main/sentence_bert_config.json "HTTP/1.1 307 Temporary Redirect"
Warning: You are sending unauthenticated requests to the HF Hub. Please set a HF_TOKEN to enable higher rate limits and faster downloads.
Warning: You are sending unauthenticated requests to the HF Hub. Please set a HF_TOKEN to enable higher rate limits and faster downloads.
HTTP Request: HEAD https://huggingface.co/api/resolve-cache/models/nomic-ai/nomic-embed-text-v1.5/e5cf08aadaa33385f5990def41f7a23405aec398/sentence_bert_config.json "HTTP/1.1 200 OK"
HTTP Request: GET https://huggingface.co/api/resolve-cache/models/nomic-ai/nomic-embed-text-v1.5/e5cf08aadaa33385f5990def41f7a23405aec398/sentence_bert_config.json "HTTP/1.1 200 OK"
HTTP Request: HEAD https://huggingface.co/nomic-ai/nomic-embed-text-v1.5/resolve/main/adapter_config.json "HTTP/1.1 404 Not Found"
HTTP Request: HEAD https://huggingface.co/nomic-ai/nomic-embed-text-v1.5/resolve/main/config.json "HTTP/1.1 307 Temporary Redirect"
HTTP Request: HEAD https://huggingface.co/api/resolve-cache/models/nomic-ai/nomic-embed-text-v1.5/e5cf08aadaa33385f5990def41f7a23405aec398/config.json "HTTP/1.1 200 OK"
HTTP Request: GET https://huggingface.co/api/resolve-cache/models/nomic-ai/nomic-embed-text-v1.5/e5cf08aadaa33385f5990def41f7a23405aec398/config.json "HTTP/1.1 200 OK"
HTTP Request: HEAD https://huggingface.co/nomic-ai/nomic-bert-2048/resolve/main/configuration_hf_nomic_bert.py "HTTP/1.1 307 Temporary Redirect"
HTTP Request: HEAD https://huggingface.co/api/resolve-cache/models/nomic-ai/nomic-bert-2048/7710840340a098cfb869c4f65e87cf2b1b70caca/configuration_hf_nomic_bert.py "HTTP/1.1 200 OK"
HTTP Request: GET https://huggingface.co/api/resolve-cache/models/nomic-ai/nomic-bert-2048/7710840340a098cfb869c4f65e87cf2b1b70caca/configuration_hf_nomic_bert.py "HTTP/1.1 200 OK"
A new version of the following files was downloaded from https://huggingface.co/nomic-ai/nomic-bert-2048:
- configuration_hf_nomic_bert.py
. Make sure to double-check they do not contain any added malicious code. To avoid downloading new versions of the code file, you can pin a revision.
HTTP Request: HEAD https://huggingface.co/nomic-ai/nomic-embed-text-v1.5/resolve/main/config.json "HTTP/1.1 307 Temporary Redirect"
HTTP Request: HEAD https://huggingface.co/api/resolve-cache/models/nomic-ai/nomic-embed-text-v1.5/e5cf08aadaa33385f5990def41f7a23405aec398/config.json "HTTP/1.1 200 OK"
HTTP Request: HEAD https://huggingface.co/nomic-ai/nomic-bert-2048/resolve/main/modeling_hf_nomic_bert.py "HTTP/1.1 307 Temporary Redirect"
HTTP Request: HEAD https://huggingface.co/api/resolve-cache/models/nomic-ai/nomic-bert-2048/7710840340a098cfb869c4f65e87cf2b1b70caca/modeling_hf_nomic_bert.py "HTTP/1.1 200 OK"
HTTP Request: GET https://huggingface.co/api/resolve-cache/models/nomic-ai/nomic-bert-2048/7710840340a098cfb869c4f65e87cf2b1b70caca/modeling_hf_nomic_bert.py "HTTP/1.1 200 OK"
A new version of the following files was downloaded from https://huggingface.co/nomic-ai/nomic-bert-2048:
- modeling_hf_nomic_bert.py
. Make sure to double-check they do not contain any added malicious code. To avoid downloading new versions of the code file, you can pin a revision.
HTTP Request: HEAD https://huggingface.co/nomic-ai/nomic-embed-text-v1.5/resolve/main/pytorch_model.bin "HTTP/1.1 404 Not Found"
HTTP Request: HEAD https://huggingface.co/nomic-ai/nomic-embed-text-v1.5/resolve/main/model.safetensors "HTTP/1.1 302 Found"
HTTP Request: GET https://huggingface.co/api/models/nomic-ai/nomic-embed-text-v1.5/xet-read-token/e5cf08aadaa33385f5990def41f7a23405aec398 "HTTP/1.1 200 OK"
<All keys matched successfully>
HTTP Request: HEAD https://huggingface.co/nomic-ai/nomic-embed-text-v1.5/resolve/main/config.json "HTTP/1.1 307 Temporary Redirect"
HTTP Request: HEAD https://huggingface.co/api/resolve-cache/models/nomic-ai/nomic-embed-text-v1.5/e5cf08aadaa33385f5990def41f7a23405aec398/config.json "HTTP/1.1 200 OK"
HTTP Request: HEAD https://huggingface.co/nomic-ai/nomic-bert-2048/resolve/main/configuration_hf_nomic_bert.py "HTTP/1.1 307 Temporary Redirect"
HTTP Request: HEAD https://huggingface.co/api/resolve-cache/models/nomic-ai/nomic-bert-2048/7710840340a098cfb869c4f65e87cf2b1b70caca/configuration_hf_nomic_bert.py "HTTP/1.1 200 OK"
HTTP Request: HEAD https://huggingface.co/nomic-ai/nomic-embed-text-v1.5/resolve/main/config.json "HTTP/1.1 307 Temporary Redirect"
HTTP Request: HEAD https://huggingface.co/api/resolve-cache/models/nomic-ai/nomic-embed-text-v1.5/e5cf08aadaa33385f5990def41f7a23405aec398/config.json "HTTP/1.1 200 OK"
HTTP Request: HEAD https://huggingface.co/nomic-ai/nomic-embed-text-v1.5/resolve/main/tokenizer_config.json "HTTP/1.1 307 Temporary Redirect"
HTTP Request: HEAD https://huggingface.co/api/resolve-cache/models/nomic-ai/nomic-embed-text-v1.5/e5cf08aadaa33385f5990def41f7a23405aec398/tokenizer_config.json "HTTP/1.1 200 OK"
HTTP Request: GET https://huggingface.co/api/resolve-cache/models/nomic-ai/nomic-embed-text-v1.5/e5cf08aadaa33385f5990def41f7a23405aec398/tokenizer_config.json "HTTP/1.1 200 OK"
HTTP Request: HEAD https://huggingface.co/nomic-ai/nomic-embed-text-v1.5/resolve/main/tokenizer_config.json "HTTP/1.1 307 Temporary Redirect"
HTTP Request: HEAD https://huggingface.co/api/resolve-cache/models/nomic-ai/nomic-embed-text-v1.5/e5cf08aadaa33385f5990def41f7a23405aec398/tokenizer_config.json "HTTP/1.1 200 OK"
HTTP Request: GET https://huggingface.co/api/models/nomic-ai/nomic-embed-text-v1.5/tree/main/additional_chat_templates?recursive=false&expand=false "HTTP/1.1 404 Not Found"
HTTP Request: GET https://huggingface.co/api/models/nomic-ai/nomic-embed-text-v1.5/tree/main?recursive=true&expand=false "HTTP/1.1 200 OK"
HTTP Request: HEAD https://huggingface.co/nomic-ai/nomic-embed-text-v1.5/resolve/main/tokenizer.json "HTTP/1.1 307 Temporary Redirect"
HTTP Request: HEAD https://huggingface.co/api/resolve-cache/models/nomic-ai/nomic-embed-text-v1.5/e5cf08aadaa33385f5990def41f7a23405aec398/tokenizer.json "HTTP/1.1 200 OK"
HTTP Request: GET https://huggingface.co/api/resolve-cache/models/nomic-ai/nomic-embed-text-v1.5/e5cf08aadaa33385f5990def41f7a23405aec398/tokenizer.json "HTTP/1.1 200 OK"
HTTP Request: HEAD https://huggingface.co/nomic-ai/nomic-embed-text-v1.5/resolve/main/tokenizer.model "HTTP/1.1 404 Not Found"
HTTP Request: HEAD https://huggingface.co/nomic-ai/nomic-embed-text-v1.5/resolve/main/added_tokens.json "HTTP/1.1 404 Not Found"
HTTP Request: HEAD https://huggingface.co/nomic-ai/nomic-embed-text-v1.5/resolve/main/special_tokens_map.json "HTTP/1.1 307 Temporary Redirect"
HTTP Request: HEAD https://huggingface.co/api/resolve-cache/models/nomic-ai/nomic-embed-text-v1.5/e5cf08aadaa33385f5990def41f7a23405aec398/special_tokens_map.json "HTTP/1.1 200 OK"
HTTP Request: GET https://huggingface.co/api/resolve-cache/models/nomic-ai/nomic-embed-text-v1.5/e5cf08aadaa33385f5990def41f7a23405aec398/special_tokens_map.json "HTTP/1.1 200 OK"
HTTP Request: HEAD https://huggingface.co/nomic-ai/nomic-embed-text-v1.5/resolve/main/chat_template.jinja "HTTP/1.1 404 Not Found"
HTTP Request: HEAD https://huggingface.co/nomic-ai/nomic-embed-text-v1.5/resolve/main/1_Pooling/config.json "HTTP/1.1 307 Temporary Redirect"
HTTP Request: HEAD https://huggingface.co/api/resolve-cache/models/nomic-ai/nomic-embed-text-v1.5/e5cf08aadaa33385f5990def41f7a23405aec398/1_Pooling%2Fconfig.json "HTTP/1.1 200 OK"
HTTP Request: GET https://huggingface.co/api/resolve-cache/models/nomic-ai/nomic-embed-text-v1.5/e5cf08aadaa33385f5990def41f7a23405aec398/1_Pooling%2Fconfig.json "HTTP/1.1 200 OK"
HTTP Request: GET https://huggingface.co/api/models/nomic-ai/nomic-embed-text-v1.5 "HTTP/1.1 200 OK"
[Embedding] Loaded. Dimensions=768
INFO:     Shutting down
INFO:     Waiting for application shutdown.
INFO:     Application shutdown complete.
INFO:     Finished server process [15164]
INFO:     Started server process [9344]
INFO:     Waiting for application startup.
INFO:     Application startup complete.
INFO:     Uvicorn running on http://127.0.0.1:8001 (Press CTRL+C to quit)
llama_context: n_ctx_seq (32768) < n_ctx_train (262144) -- the full capacity of the model will not be utilized
llama_context: n_ctx_seq (32768) < n_ctx_train (262144) -- the full capacity of the model will not be utilized
